(---------------------------------------------------------------------)
(                                                                     )
(    Allegro Netrev Import Logic                                      )
(                                                                     )
(    Drawing          : edpcb_lcd_moved_down_enlarged_for_pt10_07.brd )
(    Software Version : 16.3S021                                      )
(    Date/Time        : Thu Jul 12 16:26:32 2012                      )
(                                                                     )
(---------------------------------------------------------------------)


------ Directives ------

RIPUP_ETCH FALSE;
RIPUP_SYMBOLS ALWAYS;
Missing symbol has error FALSE;
SCHEMATIC_DIRECTORY 'D:\Misc\ED1\worklib\ed1\packaged';
BOARD_DIRECTORY '';
OLD_BOARD_NAME 'D:/Misc/ED1/worklib/ed1/physical/edpcb_lcd_moved_down_enlarged_for_pt10_07.brd';
NEW_BOARD_NAME 'edpcb_lcd_moved_down_enlarged_for_pt10_08.brd';

CmdLine: netrev -proj D:\Misc\ED1\ed1.cpm -5 -y 1 -u D:\Misc\ED1\worklib\ed1\physical\edpcb_lcd_moved_down_enlarged_for_pt10_07.brd D:\Misc\ED1\worklib\ed1\physical\edpcb_lcd_moved_down_enlarged_for_pt10_08.brd -$

------ Preparing to read pst files ------

Starting to read D:/Misc/ED1/worklib/ed1/packaged/pstchip.dat 
   Finished reading D:/Misc/ED1/worklib/ed1/packaged/pstchip.dat (00:00:00.32)
Starting to read D:/Misc/ED1/worklib/ed1/packaged/pstxprt.dat 
   Finished reading D:/Misc/ED1/worklib/ed1/packaged/pstxprt.dat (00:00:00.01)
Starting to read D:/Misc/ED1/worklib/ed1/packaged/pstxnet.dat 
   Finished reading D:/Misc/ED1/worklib/ed1/packaged/pstxnet.dat (00:00:00.01)

------ Oversights/Warnings/Errors ------


#1   WARNING(SPMHNI-192): Device/Symbol check warning detected.

WARNING(SPMHNI-337): Unable to load symbol 'SOT-23W' for device 'D_SMT_SIGNAL_1A3C_SOT-23-10004B': WARNING(SPMHUT-127): Could not find padstack SQ60.
    due to ERROR(SPMHDB-274): Unable to load flash symbol AC00 (Check PSMPATH setting for this symbol).

#2   WARNING(SPMHNI-316): Property warning detected.

WARNING(SPMHNI-217): Problems with net 'VCC'. Error with net property 'VOLTAGE' and value 'VCC': 'Incorrect syntax'.

------ Library Paths ------
MODULEPATH =  . 
           //applpark/technology/Electronics/InProcess/tools/npielect/GE_Library_16/AutoSetupFiles/SITE/pcb/modules 

PSMPATH =  . 
           symbols 
           .. 
           ../symbols 
           //applpark/technology/Electronics/InProcess/tools/npielect/GE_Library_16/AutoSetupFiles/SITE/pcb/symbols 
           C:/Cadence/SPB_16.3/share/pcb/pcb_lib/symbols 
           C:/Cadence/SPB_16.3/share/pcb/allegrolib/symbols 
           \\applpark\technology\Electronics\InProcess\tools\npielect\GE_Library_16\AutoSetupFiles\SITE/../../PCB_Lib/symbols 
           \\applpark\technology\Electronics\InProcess\tools\npielect\GE_Library_16\AutoSetupFiles\SITE/../../PCB_Lib/Templates/PCB_Outlines 
           D:\Misc\Project\janko\cadence\Janko\worklib\janko\physical\ 
           D:\Misc\MB64e\ 

PADPATH =  . 
           symbols 
           .. 
           ../symbols 
           //applpark/technology/Electronics/InProcess/tools/npielect/GE_Library_16/AutoSetupFiles/SITE/pcb/padstacks 
           C:/Cadence/SPB_16.3/share/pcb/pcb_lib/symbols 
           C:/Cadence/SPB_16.3/share/pcb/allegrolib/symbols 
           \\applpark\technology\Electronics\InProcess\tools\npielect\GE_Library_16\AutoSetupFiles\SITE/../../PCB_Lib/pad_stacks 
           D:\Misc\Project\janko\cadence\Janko 


------ Summary Statistics ------


netrev run on Jul 12 16:26:32 2012
   DESIGN NAME : 'ED1'
   PACKAGING ON 12-Jul-2012 AT 16:25:45

   COMPILE 'logic'
   CHECK_PIN_NAMES OFF
   CROSS_REFERENCE OFF
   DIRECTORIES  <none>
   FEEDBACK OFF
   INCREMENTAL OFF
   INTERFACE_TYPE PHYSICAL
   LIBRARIES  'ed1_lib' 'standard' 'r_resistor' 'j_connector2fjumper' 'd_diode'
              'u_ic' 'c_capacitor'
   MASTER_LIBRARIES  <none>
   MAX_ERRORS 500
   MERGE_MINIMUM 5
   NET_NAME_CHARS '#%&()*+-./:=>?@[]^_`|'
   NET_NAME_LENGTH 24
   OVERSIGHTS ON
   REPLACE_CHECK OFF
   SINGLE_NODE_NETS ON
   SPLIT_MINIMUM 0
   SUPPRESS   20
   WARNINGS ON

 No error detected
 No oversight detected
  2 warnings detected

cpu time      0:30:06
elapsed time  0:00:13

